---
source: latex2mmlc/tests/wiki_test.rs
expression: "\\intercal \\barwedge \\veebar \\doublebarwedge \\between \\pitchfork"
---
<math>
    <mo>⊺</mo>
    <mo>⊼</mo>
    <mo>⊻</mo>
    <mo>⩞</mo>
    <mo>≬</mo>
    <mo>⋔</mo>
</math>
