---
source: latex2mmlc/tests/wiki_test.rs
expression: "\\vartriangle, \\triangledown"
---
<math>
    <mi>△</mi>
    <mo>,</mo>
    <mi>▽</mi>
</math>
