---
source: latex2mmlc/src/lib.rs
expression: x__3
---
CannotBeUsedHere {
    got: TokLoc(
        2,
        Underscore,
    ),
    correct_place: "after an identifier or operator",
}
