---
source: latex2mmlc/src/lib.rs
expression: "\\text{hi}xx"
---
<math>
    <mtext>hi</mtext>
    <mi>x</mi>
    <mi>x</mi>
</math>
