---
source: latex2mmlc/src/parse.rs
expression: "\\frac{12}{5}"
---
[
  Frac(
    num: Number("12"),
    den: Number("5"),
    lt: None,
    attr: None,
  ),
]
