---
source: src/lib.rs
expression: "\\oint_C dz"
---
<msub>
    <mo>âˆ®</mo>
    <mi>C</mi>
</msub>
<mi>d</mi>
<mi>z</mi>

