---
source: latex2mmlc/src/lib.rs
expression: "\\left( x"
---
LatexError(
    8,
    UnclosedGroup(
        Right,
    ),
)
