---
source: src/lib.rs
expression: "\\bm{x}"
---
<mi>𝒙</mi>

