---
source: latex2mmlc/src/lib.rs
expression: "\\int\\limits'"
---
<math>
    <mover>
        <mo>∫</mo>
        <mo>′</mo>
    </mover>
</math>
