---
source: latex2mmlc/src/lib.rs
expression: "\\begin{matrix} x"
---
LatexError(
    16,
    UnclosedGroup(
        End,
    ),
)
