---
source: latex2mmlc/src/lib.rs
expression: "\\frac{1}{2}"
---
<math>
<mfrac>
    <mn>1</mn>
    <mn>2</mn>
</mfrac>
</math>
