---
source: latex2mmlc/src/lib.rs
expression: "\\mathrm x"
---
<math>
    <mi mathvariant="normal">x</mi>
</math>
