---
source: latex2mmlc/src/lib.rs
expression: "\\operatorname {{\\pi} o \\o a}"
---
<math>
    <mi>πoøa</mi>
</math>
