---
source: latex2mmlc/src/lexer.rs
expression: "3.14"
---
0: Number("3.14")
