---
source: latex2mmlc/src/lib.rs
expression: "\\text x y"
---
<math>
    <mtext>x</mtext>
    <mi>y</mi>
</math>
