---
source: latex2mmlc/src/parse.rs
expression: 4.x
---
[
  PseudoRow([
    Number("4"),
    SingleLetterIdent('.', false),
  ]),
  SingleLetterIdent('x', false),
]
