---
source: latex2mmlc/src/lib.rs
expression: "\\mathbb{R}"
---
<math>
    <mi>‚Ñù</mi>
</math>
