---
source: latex2mmlc/src/lib.rs
expression: "\\operatorname[lim}"
---
UnexpectedClose(
    GroupEnd,
)
