---
source: src/lib.rs
expression: "g_{\\mu\\nu}"
---
<msub>
    <mi>g</mi>
    <mrow>
        <mi>μ</mi>
        <mi>ν</mi>
    </mrow>
</msub>

