---
source: latex2mmlc/src/lib.rs
expression: "\\begin{matrix] 1 \\end{matrix}"
---
LatexError(
    6,
    UnclosedGroup(
        GroupEnd,
    ),
)
