---
source: latex2mmlc/src/lib.rs
expression: "\\int'"
---
<math>
    <msup>
        <mo>∫</mo>
        <mo>′</mo>
    </msup>
</math>
