---
source: latex2mmlc/src/lib.rs
expression: "\\binom12"
---
<math>
    <mrow>
        <mo stretchy="true" form="prefix">(</mo>
        <mfrac linethickness="0pt">
            <mn>1</mn>
            <mn>2</mn>
        </mfrac>
        <mo stretchy="true" form="postfix">)</mo>
    </mrow>
</math>
