---
source: latex2mmlc/src/lib.rs
expression: "\\text{x\\o y}"
---
<math>
    <mtext>x√∏y</mtext>
</math>
