---
source: latex2mmlc/src/lib.rs
expression: "\\text{\\rq}"
---
<math>
    <mtext>â€™</mtext>
</math>
