---
source: latex2mmlc/src/lib.rs
expression: x^^
---
LatexError(
    2,
    CannotBeUsedHere {
        got: Circumflex,
        correct_place: AfterOpOrIdent,
    },
)
