---
source: latex2mmlc/src/lexer.rs
expression: x
---
0: Letter('x')
