---
source: latex2mmlc/src/lib.rs
expression: ""
---
<math>
</math>
