---
source: src/lib.rs
expression: "\\frac{1}{2}"
---
<mfrac>
    <mn>1</mn>
    <mn>2</mn>
</mfrac>

