---
source: src/lib.rs
expression: "\\alpha"
---
<mi>Î±</mi>

