---
source: src/lib.rs
expression: "\\left( x \\right)"
---
<mrow>
    <mo stretchy="true" form="prefix">(</mo>
    <mi>x</mi>
    <mo stretchy="true" form="postfix">)</mo>
</mrow>

