---
source: src/lib.rs
expression: "3.14"
---
<mn>3.14</mn>

